[codefeed.in/tabs/index.html]
[backblue.gif]
[fade.gif]
[index.html]
[codefeed.in/tabs/styles/bootstrap.min.css]
[codefeed.in/tabs/styles/bootstrap-responsive.min.css]
[codefeed.in/tabs/css/preview.min.css]
[codefeed.in/tabs/styles/font-awesome.min.css]
[codefeed.in/tabs/track-url-demo.html]
[codefeed.in/tabs/scripts/jquery-1.9.1.min.js]
[codefeed.in/tabs/scripts/bootstrap.min.js]
[codefeed.in/tabs/index.html]
[codefeed.in/tabs/scripts/tabs-addon.js]
[codefeed.in/tabs/styles/bootstrap.min.css]
[codefeed.in/tabs/styles/bootstrap-responsive.min.css]
[codefeed.in/tabs/css/n1.png]
[codefeed.in/tabs/css/preview.min.css]
[codefeed.in/tabs/styles/font/fontawesome-webfonte63c.eot]
[codefeed.in/tabs/styles/font/fontawesome-webfontd41d.eot]
[codefeed.in/tabs/styles/font/fontawesome-webfonte63c.woff]
[codefeed.in/tabs/styles/font/fontawesome-webfonte63c.ttf]
[codefeed.in/tabs/styles/font-awesome.min.css]
[codefeed.in/tabs/track-url-demo.html]
[codefeed.in/tabs/scripts/jquery-1.9.1.min.js]
[codefeed.in/tabs/scripts/bootstrap.min.js]
[codefeed.in/tabs/scripts/tabs-addon.js]
[codefeed.in/tabs/styles/images/glyphicons-halflings.html]
[codefeed.in/tabs/styles/images/glyphicons-halflings-white.html]
[codefeed.in/tabs/styles/font/fontawesome-webfont.svg]
